php : PHP Warning:  
Module "openssl" is 
already loaded in 
Unknown on line 0
At line:1 char:1
+ php artisan test te
sts/Feature/OrderStat
usUpdateTest.php > 
test_outpu ...
+ ~~~~~~~~~~~~~~~~~~~
~~~~~~~~~~~~~~~~~~~~~
~~~~~~~~~~~~~~~~~~~~~
~~~~~~~~
    + CategoryInfo   
           : NotSpe  
  cified: (PHP War   
 ning:  M...known    
 on line 0:Strin    
g) [], RemoteExc    
eption
    + FullyQualified 
   ErrorId : Native  
  CommandError
 

Warning: Module "openssl" is already loaded in Unknown on line 0

Warning: Module "openssl" is already loaded in Unknown on line 0

   WARN  Metadata found in doc-comment for method Tests\Feature\OrderStatusUpdateTest::admin_can_update_order_status_to_delivered_with_specs_and_referrals(). Metadata in doc-comments is deprecated and will no longer be supported in PHPUnit 12. Update your test code to use attributes instead.
PHP Warning:  Module "openssl" is already loaded in Unknown on line 0

   FAIL  Tests\Feature\OrderStatusUpdateTest
  Ô¿» admin canÔÇª 0.35s  
  ÔöÇÔöÇÔöÇÔöÇÔöÇÔöÇÔöÇÔöÇÔöÇÔöÇÔöÇÔöÇÔöÇÔöÇÔöÇÔöÇÔöÇÔöÇ  
  ÔÇª  QueryException   
  SQLSTATE[23000]: Integrity constraint violation: 19 NOT NULL constraint failed: specifications.sub_category_id (Connection: sqlite, Database: :memory:, SQL: insert into "specifications" ("name", "updated_at", "created_at") values ({"en":"Color"}, 2026-02-14 00:39:10, 2026-02-14 00:39:10))

  at vendor\laravel\framework\src\Illuminate\Database\Connection.php:838
    834Ôûò             $exceptionType = $this->isUniqueConstraintError($e)
    835Ôûò                 ? UniqueConstraintViolationException::class
    836Ôûò                 : QueryException::class;
    837Ôûò 
  Ô×£ 838Ôûò             throw new $exceptionType(
    839Ôûò                 $this->getNameWithReadWriteType(),
    840Ôûò                 $query,
    841Ôûò                 $this->prepareBindings($bindings),
    842Ôûò                 $e,

  1   vendor\laravel\framework\src\Illuminate\Database\Connection.php:838

  2   vendor\laravel\framework\src\Illuminate\Database\Connection.php:584
      NunoMaduro\Collision\Exceptions\TestException::("SQLSTATE[23000]: Integrity constraint violation: 19 NOT NULL constraint failed: specifications.sub_category_id")


  Tests:    1 failed (0 assertions)
  Duration: 0.47s

